// Jest Snapshot v1, https://goo.gl/fbAQLP

exports[`Paths Helper should match snapshot 1`] = `
Object {
  "claims": "/claims",
  "default": "/health",
  "health": "/health",
  "login": "/login",
  "profile": "/profile",
  "shop": "/shop",
}
`;
