// Jest Snapshot v1, https://goo.gl/fbAQLP

exports[`WithReduxProvider should match snapshot 1`] = `
<div>
  <div
    env="development"
    router="[object Object]"
  >
    Redux
  </div>
</div>
`;
